/home/jenkins/workspace/ts_nuxeo-compound-documents_2021/nuxeo-compound-documents/src/main/java/org/nuxeo/compound/documents/CompoundDocumentBreadcrumbJsonEnricher.java
/home/jenkins/workspace/ts_nuxeo-compound-documents_2021/nuxeo-compound-documents/src/main/java/org/nuxeo/compound/documents/CompoundDocumentThumbnailFactory.java
/home/jenkins/workspace/ts_nuxeo-compound-documents_2021/nuxeo-compound-documents/src/main/java/org/nuxeo/compound/documents/CompoundDocumentArchiveImporter.java
/home/jenkins/workspace/ts_nuxeo-compound-documents_2021/nuxeo-compound-documents/src/main/java/org/nuxeo/compound/documents/CompoundDocumentConstants.java
/home/jenkins/workspace/ts_nuxeo-compound-documents_2021/nuxeo-compound-documents/src/main/java/org/nuxeo/compound/documents/CompoundDocumentServiceImpl.java
/home/jenkins/workspace/ts_nuxeo-compound-documents_2021/nuxeo-compound-documents/src/main/java/org/nuxeo/compound/documents/IgnoredFilesDescriptor.java
/home/jenkins/workspace/ts_nuxeo-compound-documents_2021/nuxeo-compound-documents/src/main/java/org/nuxeo/compound/documents/CompoundDocumentService.java
/home/jenkins/workspace/ts_nuxeo-compound-documents_2021/nuxeo-compound-documents/src/main/java/org/nuxeo/compound/documents/IgnoredFileDescriptor.java
